// Jest Snapshot v1, https://goo.gl/fbAQLP

exports[`teste do perfil snapshot view perfil 1`] = `
<h2>
  Sem usuário ou
  <br />
  sem repositórios públicos
</h2>
`;
