// Jest Snapshot v1, https://goo.gl/fbAQLP

exports[`test initial Repo snapshot 1`] = `
<div
  className="repo"
>
  <h3 />
  <p />
  <a
    target="_blank"
  >
    reposit√≥rio
  </a>
  <p>
    Linguagem: 
  </p>
  <br />
</div>
`;
