// Jest Snapshot v1, https://goo.gl/fbAQLP

exports[`initial test SearchBar snapshot view public repos 1`] = `
<div
  className="search"
>
  <form
    onSubmit={[Function]}
  >
    <input
      data-testid="input"
      onChange={[Function]}
      placeholder="nome do usuÃ¡rio no github"
      type="text"
    />
    <input
      data-testid="searchButton"
      onClick={[Function]}
      type="submit"
      value="pesquisar"
    />
  </form>
</div>
`;
